Archive member included to satisfy reference by file (symbol)

/usr/lib/gcc/avr/5.4.0/avr5/libgcc.a(_exit.o)
                              /opt/microchip/mplabx/v6.10/packs/Microchip/ATmega_DFP/3.0.158/gcc/dev/atmega32/avr5/crtatmega32.o (exit)
/usr/lib/gcc/avr/5.4.0/avr5/libgcc.a(_tablejump2.o)
                              build/default/production/application/application.o (__tablejump2__)
/usr/lib/gcc/avr/5.4.0/avr5/libgcc.a(_copy_data.o)
                              build/default/production/application/application.o (__do_copy_data)
/usr/lib/gcc/avr/5.4.0/avr5/libgcc.a(_clear_bss.o)
                              build/default/production/application/application.o (__do_clear_bss)

Discarded input sections

 .data          0x0000000000000000        0x0 /opt/microchip/mplabx/v6.10/packs/Microchip/ATmega_DFP/3.0.158/gcc/dev/atmega32/avr5/crtatmega32.o
 .bss           0x0000000000000000        0x0 /opt/microchip/mplabx/v6.10/packs/Microchip/ATmega_DFP/3.0.158/gcc/dev/atmega32/avr5/crtatmega32.o
 .text          0x0000000000000000        0x0 build/default/production/application/application.o
 .data          0x0000000000000000        0x0 build/default/production/application/application.o
 .bss           0x0000000000000000        0x0 build/default/production/application/application.o
 .text.test     0x0000000000000000        0xe build/default/production/application/application.o
 .text          0x0000000000000000        0x0 build/default/production/mcal/gpio/gpio.o
 .data          0x0000000000000000        0x0 build/default/production/mcal/gpio/gpio.o
 .bss           0x0000000000000000        0x0 build/default/production/mcal/gpio/gpio.o
 .text.GPIO_setPortDirection
                0x0000000000000000       0x14 build/default/production/mcal/gpio/gpio.o
 .text.GPIO_togglePin
                0x0000000000000000       0xa4 build/default/production/mcal/gpio/gpio.o
 .text.GPIO_writePort
                0x0000000000000000       0x14 build/default/production/mcal/gpio/gpio.o
 .text.GPIO_readPort
                0x0000000000000000       0x14 build/default/production/mcal/gpio/gpio.o
 .text          0x0000000000000000        0x0 build/default/production/ecual/led/led.o
 .data          0x0000000000000000        0x0 build/default/production/ecual/led/led.o
 .bss           0x0000000000000000        0x0 build/default/production/ecual/led/led.o
 .text.LED_init
                0x0000000000000000       0x3a build/default/production/ecual/led/led.o
 .text.LED_on   0x0000000000000000       0x3a build/default/production/ecual/led/led.o
 .text.LED_off  0x0000000000000000       0x3a build/default/production/ecual/led/led.o
 .text.LED_toggle
                0x0000000000000000       0x34 build/default/production/ecual/led/led.o
 .text.LED_usr_toggle
                0x0000000000000000       0x16 build/default/production/ecual/led/led.o
 .text          0x0000000000000000        0x0 build/default/production/main.o
 .data          0x0000000000000000        0x0 build/default/production/main.o
 .bss           0x0000000000000000        0x0 build/default/production/main.o
 .data.st_LED_11
                0x0000000000000000        0x2 build/default/production/main.o
 .text          0x0000000000000000        0x0 build/default/production/ecual/push_button/push_button.o
 .data          0x0000000000000000        0x0 build/default/production/ecual/push_button/push_button.o
 .bss           0x0000000000000000        0x0 build/default/production/ecual/push_button/push_button.o
 .text          0x0000000000000000        0x0 /usr/lib/gcc/avr/5.4.0/avr5/libgcc.a(_exit.o)
 .data          0x0000000000000000        0x0 /usr/lib/gcc/avr/5.4.0/avr5/libgcc.a(_exit.o)
 .bss           0x0000000000000000        0x0 /usr/lib/gcc/avr/5.4.0/avr5/libgcc.a(_exit.o)
 .text.libgcc.mul
                0x0000000000000000        0x0 /usr/lib/gcc/avr/5.4.0/avr5/libgcc.a(_exit.o)
 .text.libgcc.div
                0x0000000000000000        0x0 /usr/lib/gcc/avr/5.4.0/avr5/libgcc.a(_exit.o)
 .text.libgcc   0x0000000000000000        0x0 /usr/lib/gcc/avr/5.4.0/avr5/libgcc.a(_exit.o)
 .text.libgcc.prologue
                0x0000000000000000        0x0 /usr/lib/gcc/avr/5.4.0/avr5/libgcc.a(_exit.o)
 .text.libgcc.builtins
                0x0000000000000000        0x0 /usr/lib/gcc/avr/5.4.0/avr5/libgcc.a(_exit.o)
 .text.libgcc.fmul
                0x0000000000000000        0x0 /usr/lib/gcc/avr/5.4.0/avr5/libgcc.a(_exit.o)
 .text.libgcc.fixed
                0x0000000000000000        0x0 /usr/lib/gcc/avr/5.4.0/avr5/libgcc.a(_exit.o)
 .text          0x0000000000000000        0x0 /usr/lib/gcc/avr/5.4.0/avr5/libgcc.a(_tablejump2.o)
 .data          0x0000000000000000        0x0 /usr/lib/gcc/avr/5.4.0/avr5/libgcc.a(_tablejump2.o)
 .bss           0x0000000000000000        0x0 /usr/lib/gcc/avr/5.4.0/avr5/libgcc.a(_tablejump2.o)
 .text.libgcc.mul
                0x0000000000000000        0x0 /usr/lib/gcc/avr/5.4.0/avr5/libgcc.a(_tablejump2.o)
 .text.libgcc.div
                0x0000000000000000        0x0 /usr/lib/gcc/avr/5.4.0/avr5/libgcc.a(_tablejump2.o)
 .text.libgcc.prologue
                0x0000000000000000        0x0 /usr/lib/gcc/avr/5.4.0/avr5/libgcc.a(_tablejump2.o)
 .text.libgcc.builtins
                0x0000000000000000        0x0 /usr/lib/gcc/avr/5.4.0/avr5/libgcc.a(_tablejump2.o)
 .text.libgcc.fmul
                0x0000000000000000        0x0 /usr/lib/gcc/avr/5.4.0/avr5/libgcc.a(_tablejump2.o)
 .text.libgcc.fixed
                0x0000000000000000        0x0 /usr/lib/gcc/avr/5.4.0/avr5/libgcc.a(_tablejump2.o)
 .text          0x0000000000000000        0x0 /usr/lib/gcc/avr/5.4.0/avr5/libgcc.a(_copy_data.o)
 .data          0x0000000000000000        0x0 /usr/lib/gcc/avr/5.4.0/avr5/libgcc.a(_copy_data.o)
 .bss           0x0000000000000000        0x0 /usr/lib/gcc/avr/5.4.0/avr5/libgcc.a(_copy_data.o)
 .text.libgcc.mul
                0x0000000000000000        0x0 /usr/lib/gcc/avr/5.4.0/avr5/libgcc.a(_copy_data.o)
 .text.libgcc.div
                0x0000000000000000        0x0 /usr/lib/gcc/avr/5.4.0/avr5/libgcc.a(_copy_data.o)
 .text.libgcc   0x0000000000000000        0x0 /usr/lib/gcc/avr/5.4.0/avr5/libgcc.a(_copy_data.o)
 .text.libgcc.prologue
                0x0000000000000000        0x0 /usr/lib/gcc/avr/5.4.0/avr5/libgcc.a(_copy_data.o)
 .text.libgcc.builtins
                0x0000000000000000        0x0 /usr/lib/gcc/avr/5.4.0/avr5/libgcc.a(_copy_data.o)
 .text.libgcc.fmul
                0x0000000000000000        0x0 /usr/lib/gcc/avr/5.4.0/avr5/libgcc.a(_copy_data.o)
 .text.libgcc.fixed
                0x0000000000000000        0x0 /usr/lib/gcc/avr/5.4.0/avr5/libgcc.a(_copy_data.o)
 .text          0x0000000000000000        0x0 /usr/lib/gcc/avr/5.4.0/avr5/libgcc.a(_clear_bss.o)
 .data          0x0000000000000000        0x0 /usr/lib/gcc/avr/5.4.0/avr5/libgcc.a(_clear_bss.o)
 .bss           0x0000000000000000        0x0 /usr/lib/gcc/avr/5.4.0/avr5/libgcc.a(_clear_bss.o)
 .text.libgcc.mul
                0x0000000000000000        0x0 /usr/lib/gcc/avr/5.4.0/avr5/libgcc.a(_clear_bss.o)
 .text.libgcc.div
                0x0000000000000000        0x0 /usr/lib/gcc/avr/5.4.0/avr5/libgcc.a(_clear_bss.o)
 .text.libgcc   0x0000000000000000        0x0 /usr/lib/gcc/avr/5.4.0/avr5/libgcc.a(_clear_bss.o)
 .text.libgcc.prologue
                0x0000000000000000        0x0 /usr/lib/gcc/avr/5.4.0/avr5/libgcc.a(_clear_bss.o)
 .text.libgcc.builtins
                0x0000000000000000        0x0 /usr/lib/gcc/avr/5.4.0/avr5/libgcc.a(_clear_bss.o)
 .text.libgcc.fmul
                0x0000000000000000        0x0 /usr/lib/gcc/avr/5.4.0/avr5/libgcc.a(_clear_bss.o)
 .text.libgcc.fixed
                0x0000000000000000        0x0 /usr/lib/gcc/avr/5.4.0/avr5/libgcc.a(_clear_bss.o)

Memory Configuration

Name             Origin             Length             Attributes
text             0x0000000000000000 0x0000000000008000 xr
data             0x0000000000800060 0x0000000000000800 rw !x
eeprom           0x0000000000810000 0x0000000000000400 rw !x
fuse             0x0000000000820000 0x0000000000000002 rw !x
lock             0x0000000000830000 0x0000000000000400 rw !x
signature        0x0000000000840000 0x0000000000000400 rw !x
user_signatures  0x0000000000850000 0x0000000000000400 rw !x
*default*        0x0000000000000000 0xffffffffffffffff

Linker script and memory map

LOAD /opt/microchip/mplabx/v6.10/packs/Microchip/ATmega_DFP/3.0.158/gcc/dev/atmega32/avr5/crtatmega32.o
LOAD build/default/production/application/application.o
LOAD build/default/production/mcal/gpio/gpio.o
LOAD build/default/production/ecual/led/led.o
LOAD build/default/production/main.o
LOAD build/default/production/ecual/push_button/push_button.o
                0x0000000000000001                __MPLAB_BUILD = 0x1
START GROUP
LOAD /usr/lib/gcc/avr/5.4.0/../../../avr/lib/avr5/libm.a
END GROUP
START GROUP
LOAD /usr/lib/gcc/avr/5.4.0/avr5/libgcc.a
LOAD /usr/lib/gcc/avr/5.4.0/../../../avr/lib/avr5/libm.a
LOAD /usr/lib/gcc/avr/5.4.0/../../../avr/lib/avr5/libc.a
LOAD /opt/microchip/mplabx/v6.10/packs/Microchip/ATmega_DFP/3.0.158/gcc/dev/atmega32/avr5/libatmega32.a
END GROUP
                0x0000000000000000                __TEXT_REGION_ORIGIN__ = DEFINED (__TEXT_REGION_ORIGIN__)?__TEXT_REGION_ORIGIN__:0x0
                [0x0000000000800060]                __DATA_REGION_ORIGIN__ = DEFINED (__DATA_REGION_ORIGIN__)?__DATA_REGION_ORIGIN__:0x800060
                [0x0000000000008000]                __TEXT_REGION_LENGTH__ = DEFINED (__TEXT_REGION_LENGTH__)?__TEXT_REGION_LENGTH__:0x20000
                [0x0000000000000800]                __DATA_REGION_LENGTH__ = DEFINED (__DATA_REGION_LENGTH__)?__DATA_REGION_LENGTH__:0xffa0
                [0x0000000000000400]                __EEPROM_REGION_LENGTH__ = DEFINED (__EEPROM_REGION_LENGTH__)?__EEPROM_REGION_LENGTH__:0x10000
                [0x0000000000000002]                __FUSE_REGION_LENGTH__ = DEFINED (__FUSE_REGION_LENGTH__)?__FUSE_REGION_LENGTH__:0x400
                0x0000000000000400                __LOCK_REGION_LENGTH__ = DEFINED (__LOCK_REGION_LENGTH__)?__LOCK_REGION_LENGTH__:0x400
                0x0000000000000400                __SIGNATURE_REGION_LENGTH__ = DEFINED (__SIGNATURE_REGION_LENGTH__)?__SIGNATURE_REGION_LENGTH__:0x400
                0x0000000000000400                __USER_SIGNATURE_REGION_LENGTH__ = DEFINED (__USER_SIGNATURE_REGION_LENGTH__)?__USER_SIGNATURE_REGION_LENGTH__:0x400

.hash
 *(.hash)

.dynsym
 *(.dynsym)

.dynstr
 *(.dynstr)

.gnu.version
 *(.gnu.version)

.gnu.version_d
 *(.gnu.version_d)

.gnu.version_r
 *(.gnu.version_r)

.rel.init
 *(.rel.init)

.rela.init
 *(.rela.init)

.rel.text
 *(.rel.text)
 *(.rel.text.*)
 *(.rel.gnu.linkonce.t*)

.rela.text
 *(.rela.text)
 *(.rela.text.*)
 *(.rela.gnu.linkonce.t*)

.rel.fini
 *(.rel.fini)

.rela.fini
 *(.rela.fini)

.rel.rodata
 *(.rel.rodata)
 *(.rel.rodata.*)
 *(.rel.gnu.linkonce.r*)

.rela.rodata
 *(.rela.rodata)
 *(.rela.rodata.*)
 *(.rela.gnu.linkonce.r*)

.rel.data
 *(.rel.data)
 *(.rel.data.*)
 *(.rel.gnu.linkonce.d*)

.rela.data
 *(.rela.data)
 *(.rela.data.*)
 *(.rela.gnu.linkonce.d*)

.rel.ctors
 *(.rel.ctors)

.rela.ctors
 *(.rela.ctors)

.rel.dtors
 *(.rel.dtors)

.rela.dtors
 *(.rela.dtors)

.rel.got
 *(.rel.got)

.rela.got
 *(.rela.got)

.rel.bss
 *(.rel.bss)

.rela.bss
 *(.rela.bss)

.rel.plt
 *(.rel.plt)

.rela.plt
 *(.rela.plt)

.text           0x0000000000000000      0x626
 *(.vectors)
 .vectors       0x0000000000000000       0x54 /opt/microchip/mplabx/v6.10/packs/Microchip/ATmega_DFP/3.0.158/gcc/dev/atmega32/avr5/crtatmega32.o
                0x0000000000000000                __vectors
                0x0000000000000000                __vector_default
 *(.vectors)
 *(.progmem.gcc*)
 .progmem.gcc_sw_table.APP_start
                0x0000000000000054       0x14 build/default/production/application/application.o
                0x0000000000000068                . = ALIGN (0x2)
                0x0000000000000068                __trampolines_start = .
 *(.trampolines)
 .trampolines   0x0000000000000068        0x0 linker stubs
 *(.trampolines*)
                0x0000000000000068                __trampolines_end = .
 *libprintf_flt.a:*(.progmem.data)
 *libc.a:*(.progmem.data)
 *(.progmem*)
                0x0000000000000068                . = ALIGN (0x2)
 *(.jumptables)
 *(.jumptables*)
 *(.lowtext)
 *(.lowtext*)
                0x0000000000000068                __ctors_start = .
 *(.ctors)
                0x0000000000000068                __ctors_end = .
                0x0000000000000068                __dtors_start = .
 *(.dtors)
                0x0000000000000068                __dtors_end = .
 SORT(*)(.ctors)
 SORT(*)(.dtors)
 *(.init0)
 .init0         0x0000000000000068        0x0 /opt/microchip/mplabx/v6.10/packs/Microchip/ATmega_DFP/3.0.158/gcc/dev/atmega32/avr5/crtatmega32.o
                0x0000000000000068                __init
 *(.init0)
 *(.init1)
 *(.init1)
 *(.init2)
 .init2         0x0000000000000068        0xc /opt/microchip/mplabx/v6.10/packs/Microchip/ATmega_DFP/3.0.158/gcc/dev/atmega32/avr5/crtatmega32.o
 *(.init2)
 *(.init3)
 *(.init3)
 *(.init4)
 .init4         0x0000000000000074       0x16 /usr/lib/gcc/avr/5.4.0/avr5/libgcc.a(_copy_data.o)
                0x0000000000000074                __do_copy_data
 .init4         0x000000000000008a       0x10 /usr/lib/gcc/avr/5.4.0/avr5/libgcc.a(_clear_bss.o)
                0x000000000000008a                __do_clear_bss
 *(.init4)
 *(.init5)
 *(.init5)
 *(.init6)
 *(.init6)
 *(.init7)
 *(.init7)
 *(.init8)
 *(.init8)
 *(.init9)
 .init9         0x000000000000009a        0x8 /opt/microchip/mplabx/v6.10/packs/Microchip/ATmega_DFP/3.0.158/gcc/dev/atmega32/avr5/crtatmega32.o
 *(.init9)
 *(.text)
 .text          0x00000000000000a2        0x4 /opt/microchip/mplabx/v6.10/packs/Microchip/ATmega_DFP/3.0.158/gcc/dev/atmega32/avr5/crtatmega32.o
                0x00000000000000a2                __vector_1
                0x00000000000000a2                __vector_12
                0x00000000000000a2                __bad_interrupt
                0x00000000000000a2                __vector_6
                0x00000000000000a2                __vector_3
                0x00000000000000a2                __vector_11
                0x00000000000000a2                __vector_13
                0x00000000000000a2                __vector_17
                0x00000000000000a2                __vector_19
                0x00000000000000a2                __vector_7
                0x00000000000000a2                __vector_5
                0x00000000000000a2                __vector_4
                0x00000000000000a2                __vector_9
                0x00000000000000a2                __vector_2
                0x00000000000000a2                __vector_15
                0x00000000000000a2                __vector_8
                0x00000000000000a2                __vector_14
                0x00000000000000a2                __vector_10
                0x00000000000000a2                __vector_16
                0x00000000000000a2                __vector_18
                0x00000000000000a2                __vector_20
                0x00000000000000a6                . = ALIGN (0x2)
 *(.text.*)
 .text.APP_init
                0x00000000000000a6       0x5c build/default/production/application/application.o
                0x00000000000000a6                APP_init
 .text.APP_start
                0x0000000000000102      0x17e build/default/production/application/application.o
                0x0000000000000102                APP_start
 .text.GPIO_setPinDirection
                0x0000000000000280      0x144 build/default/production/mcal/gpio/gpio.o
                0x0000000000000280                GPIO_setPinDirection
 .text.GPIO_writePin
                0x00000000000003c4      0x144 build/default/production/mcal/gpio/gpio.o
                0x00000000000003c4                GPIO_writePin
 .text.GPIO_readPin
                0x0000000000000508       0x24 build/default/production/mcal/gpio/gpio.o
                0x0000000000000508                GPIO_readPin
 .text.LED_usr_init
                0x000000000000052c       0x18 build/default/production/ecual/led/led.o
                0x000000000000052c                LED_usr_init
 .text.LED_usr_on
                0x0000000000000544       0x18 build/default/production/ecual/led/led.o
                0x0000000000000544                LED_usr_on
 .text.LED_usr_off
                0x000000000000055c       0x18 build/default/production/ecual/led/led.o
                0x000000000000055c                LED_usr_off
 .text.main     0x0000000000000574        0xa build/default/production/main.o
                0x0000000000000574                main
 .text.PB_init  0x000000000000057e       0x4c build/default/production/ecual/push_button/push_button.o
                0x000000000000057e                PB_init
 .text.PB_status
                0x00000000000005ca       0x4c build/default/production/ecual/push_button/push_button.o
                0x00000000000005ca                PB_status
 .text.libgcc   0x0000000000000616        0xc /usr/lib/gcc/avr/5.4.0/avr5/libgcc.a(_tablejump2.o)
                0x0000000000000616                __tablejump2__
                0x0000000000000622                . = ALIGN (0x2)
 *(.fini9)
 .fini9         0x0000000000000622        0x0 /usr/lib/gcc/avr/5.4.0/avr5/libgcc.a(_exit.o)
                0x0000000000000622                exit
                0x0000000000000622                _exit
 *(.fini9)
 *(.fini8)
 *(.fini8)
 *(.fini7)
 *(.fini7)
 *(.fini6)
 *(.fini6)
 *(.fini5)
 *(.fini5)
 *(.fini4)
 *(.fini4)
 *(.fini3)
 *(.fini3)
 *(.fini2)
 *(.fini2)
 *(.fini1)
 *(.fini1)
 *(.fini0)
 .fini0         0x0000000000000622        0x4 /usr/lib/gcc/avr/5.4.0/avr5/libgcc.a(_exit.o)
 *(.fini0)
                0x0000000000000626                _etext = .

.data           0x0000000000800060        0x8 load address 0x0000000000000626
                0x0000000000800060                PROVIDE (__data_start, .)
 *(.data)
 *(.data*)
 .data.st_LED_4
                0x0000000000800060        0x2 build/default/production/application/application.o
                0x0000000000800060                st_LED_4
 .data.st_LED_3
                0x0000000000800062        0x2 build/default/production/application/application.o
                0x0000000000800062                st_LED_3
 .data.st_LED_2
                0x0000000000800064        0x2 build/default/production/application/application.o
                0x0000000000800064                st_LED_2
 .data.st_LED_1
                0x0000000000800066        0x2 build/default/production/application/application.o
                0x0000000000800066                st_LED_1
 *(.gnu.linkonce.d*)
 *(.rodata)
 *(.rodata*)
 *(.gnu.linkonce.r*)
                0x0000000000800068                . = ALIGN (0x2)
                0x0000000000800068                _edata = .
                0x0000000000800068                PROVIDE (__data_end, .)

.bss            0x0000000000800068        0x6
                0x0000000000800068                PROVIDE (__bss_start, .)
 *(.bss)
 *(.bss*)
 .bss.app_push_button
                0x0000000000800068        0x1 build/default/production/application/application.o
                0x0000000000800068                app_push_button
 .bss.g_PB_status
                0x0000000000800069        0x1 build/default/production/application/application.o
                0x0000000000800069                g_PB_status
 .bss.en_GPIO_PIN_ID_MAX_STATUS
                0x000000000080006a        0x1 build/default/production/mcal/gpio/gpio.o
                0x000000000080006a                en_GPIO_PIN_ID_MAX_STATUS
 .bss.en_GPIO_PIN_ID_MIN_STATUS
                0x000000000080006b        0x1 build/default/production/mcal/gpio/gpio.o
                0x000000000080006b                en_GPIO_PIN_ID_MIN_STATUS
 .bss.en_GPIO_PORT_ID_MAX_STATUS
                0x000000000080006c        0x1 build/default/production/mcal/gpio/gpio.o
                0x000000000080006c                en_GPIO_PORT_ID_MAX_STATUS
 .bss.en_GPIO_PORT_ID_MIN_STATUS
                0x000000000080006d        0x1 build/default/production/mcal/gpio/gpio.o
                0x000000000080006d                en_GPIO_PORT_ID_MIN_STATUS
 *(COMMON)
                0x000000000080006e                PROVIDE (__bss_end, .)
                0x0000000000000626                __data_load_start = LOADADDR (.data)
                0x000000000000062e                __data_load_end = (__data_load_start + SIZEOF (.data))

.noinit         0x000000000080006e        0x0
                [!provide]                        PROVIDE (__noinit_start, .)
 *(.noinit*)
                [!provide]                        PROVIDE (__noinit_end, .)
                0x000000000080006e                _end = .
                [!provide]                        PROVIDE (__heap_start, .)

.eeprom         0x0000000000810000        0x0
 *(.eeprom*)
                0x0000000000810000                __eeprom_end = .

.fuse
 *(.fuse)
 *(.lfuse)
 *(.hfuse)
 *(.efuse)

.lock
 *(.lock*)

.signature
 *(.signature*)

.user_signatures
 *(.user_signatures*)

.stab
 *(.stab)

.stabstr
 *(.stabstr)

.stab.excl
 *(.stab.excl)

.stab.exclstr
 *(.stab.exclstr)

.stab.index
 *(.stab.index)

.stab.indexstr
 *(.stab.indexstr)

.comment        0x0000000000000000       0x11
 *(.comment)
 .comment       0x0000000000000000       0x11 build/default/production/application/application.o
                                         0x12 (size before relaxing)
 .comment       0x0000000000000011       0x12 build/default/production/mcal/gpio/gpio.o
 .comment       0x0000000000000011       0x12 build/default/production/ecual/led/led.o
 .comment       0x0000000000000011       0x12 build/default/production/main.o
 .comment       0x0000000000000011       0x12 build/default/production/ecual/push_button/push_button.o

.note.gnu.avr.deviceinfo
                0x0000000000000000       0x3c
 .note.gnu.avr.deviceinfo
                0x0000000000000000       0x3c /opt/microchip/mplabx/v6.10/packs/Microchip/ATmega_DFP/3.0.158/gcc/dev/atmega32/avr5/crtatmega32.o

.note.gnu.build-id
 *(.note.gnu.build-id)

.debug
 *(.debug)

.line
 *(.line)

.debug_srcinfo
 *(.debug_srcinfo)

.debug_sfnames
 *(.debug_sfnames)

.debug_aranges
 *(.debug_aranges)

.debug_pubnames
 *(.debug_pubnames)

.debug_info     0x0000000000000000      0x4e6
 *(.debug_info .gnu.linkonce.wi.*)
 .debug_info    0x0000000000000000      0x4e6 /opt/microchip/mplabx/v6.10/packs/Microchip/ATmega_DFP/3.0.158/gcc/dev/atmega32/avr5/crtatmega32.o

.debug_abbrev   0x0000000000000000      0x4a3
 *(.debug_abbrev)
 .debug_abbrev  0x0000000000000000      0x4a3 /opt/microchip/mplabx/v6.10/packs/Microchip/ATmega_DFP/3.0.158/gcc/dev/atmega32/avr5/crtatmega32.o

.debug_line     0x0000000000000000      0x116
 *(.debug_line .debug_line.* .debug_line_end)
 .debug_line    0x0000000000000000      0x116 /opt/microchip/mplabx/v6.10/packs/Microchip/ATmega_DFP/3.0.158/gcc/dev/atmega32/avr5/crtatmega32.o

.debug_frame
 *(.debug_frame)

.debug_str      0x0000000000000000      0x196
 *(.debug_str)
 .debug_str     0x0000000000000000      0x196 /opt/microchip/mplabx/v6.10/packs/Microchip/ATmega_DFP/3.0.158/gcc/dev/atmega32/avr5/crtatmega32.o

.debug_loc
 *(.debug_loc)

.debug_macinfo
 *(.debug_macinfo)

.debug_weaknames
 *(.debug_weaknames)

.debug_funcnames
 *(.debug_funcnames)

.debug_typenames
 *(.debug_typenames)

.debug_varnames
 *(.debug_varnames)

.debug_pubtypes
 *(.debug_pubtypes)

.debug_ranges
 *(.debug_ranges)

.debug_macro
 *(.debug_macro)
OUTPUT(dist/default/production/avr-blinky.X.production.elf elf32-avr)
LOAD linker stubs
